<head type="xml" version="1" /><rolls>	<roll id="0" name="" x="-340" y="-1" numElements="4" delta="124" />	<roll id="1" name="" x="-170" y="-1" numElements="4" delta="124" />	<roll id="2" name="" x="0" y="-1" numElements="4" delta="124" />	<roll id="3" name="" x="170" y="-1" numElements="4" delta="124" />	<roll id="4" name="" x="340" y="-1" numElements="4" delta="124" /></rolls>